// Jest Snapshot v1, https://goo.gl/fbAQLP

exports[`Ruler Component snapshots should match snapshot 1`] = `
ShallowWrapper {
  Symbol(enzyme.__root__): [Circular],
  Symbol(enzyme.__unrendered__): <ForwardRef
    direction="horizontal"
  />,
  Symbol(enzyme.__renderer__): Object {
    "batchedUpdates": [Function],
    "checkPropTypes": [Function],
    "getNode": [Function],
    "render": [Function],
    "simulateError": [Function],
    "simulateEvent": [Function],
    "unmount": [Function],
  },
  Symbol(enzyme.__node__): Object {
    "instance": null,
    "key": undefined,
    "nodeType": "class",
    "props": Object {
      "direction": "horizontal",
      "forwardedComponent": Object {
        "$$typeof": Symbol(react.forward_ref),
        "attrs": Array [],
        "componentStyle": ComponentStyle {
          "componentId": "Ruler-ek30on-0",
          "isStatic": false,
          "rules": Array [
            "display:block;background-color:",
            [Function],
            ";",
            [Function],
            ";",
          ],
        },
        "defaultProps": Object {
          "direction": "horizontal",
        },
        "displayName": "Ruler",
        "foldedComponentIds": Array [],
        "propTypes": Object {
          "direction": [Function],
        },
        "render": [Function],
        "styledComponentId": "Ruler-ek30on-0",
        "target": [Function],
        "toString": [Function],
        "warnTooManyClasses": [Function],
        "withComponent": [Function],
        Symbol(Symbol.hasInstance): [Function],
      },
      "forwardedRef": null,
    },
    "ref": null,
    "rendered": null,
    "type": [Function],
  },
  Symbol(enzyme.__nodes__): Array [
    Object {
      "instance": null,
      "key": undefined,
      "nodeType": "class",
      "props": Object {
        "direction": "horizontal",
        "forwardedComponent": Object {
          "$$typeof": Symbol(react.forward_ref),
          "attrs": Array [],
          "componentStyle": ComponentStyle {
            "componentId": "Ruler-ek30on-0",
            "isStatic": false,
            "rules": Array [
              "display:block;background-color:",
              [Function],
              ";",
              [Function],
              ";",
            ],
          },
          "defaultProps": Object {
            "direction": "horizontal",
          },
          "displayName": "Ruler",
          "foldedComponentIds": Array [],
          "propTypes": Object {
            "direction": [Function],
          },
          "render": [Function],
          "styledComponentId": "Ruler-ek30on-0",
          "target": [Function],
          "toString": [Function],
          "warnTooManyClasses": [Function],
          "withComponent": [Function],
          Symbol(Symbol.hasInstance): [Function],
        },
        "forwardedRef": null,
      },
      "ref": null,
      "rendered": null,
      "type": [Function],
    },
  ],
  Symbol(enzyme.__options__): Object {
    "adapter": ReactSixteenAdapter {
      "options": Object {
        "enableComponentDidUpdateOnSetState": true,
        "legacyContextMode": "parent",
        "lifecycles": Object {
          "componentDidUpdate": Object {
            "onSetState": true,
          },
          "getChildContext": Object {
            "calledByRenderer": false,
          },
          "getDerivedStateFromError": false,
          "getDerivedStateFromProps": Object {
            "hasShouldComponentUpdateBug": true,
          },
          "getSnapshotBeforeUpdate": true,
          "setState": Object {
            "skipsComponentDidUpdateOnNullish": true,
          },
        },
      },
    },
  },
}
`;
